Event 2026-08-07 02:28:30 +0000 UTC reason=InconsistentVersion wsjob=wsjob-b64sgp6qxxibpgk9k4gq2e message='Warning: client semantic version 1.14.0 is inconsistent with cluster server semantic version 1.20.2, there's a risk job could fail due to inconsistent setup.'
2026-08-07 02:34:08,368 INFO     CSL compiler output:
	CSL compiler produced no messages. Compilation successful.
Event 2026-08-07 02:34:44 +0000 UTC reason=InconsistentVersion wsjob=wsjob-rq8jsccr9tcv4zloaqqttw message='Warning: client semantic version 1.14.0 is inconsistent with cluster server semantic version 1.20.2, there's a risk job could fail due to inconsistent setup.'
Could not find coordinator IP:port in cluster details
Empty ingress service url. Falling back to default server: 10.0.12.0:443
compiled artifact (width=750): ./cs_1828835b608a18aea04b7353b0eff68ca6db0838d59a98995c126a51cd67f0bc.tar.gz
timing (width=4): {'pack_s': 0.00045265164226293564, 'h2d_a_s': 0.0017911558970808983, 'h2d_b_s': 0.000986373983323574, 'launch_s': 0.0006581321358680725, 'd2h_s': 0.06255254242569208, 'total_s': 0.06644085608422756, 'b_bytes': 16000}
got:      [500, 488, 530, 461]
expected: [500, 488, 530, 461]
SUCCESS: 4-wide real-hardware B-relay batch matches align_cpu() exactly
all-pairs batched: 640 sequences, 204480 pairs, width=750
  batch 0-750/204480 done
  batch 750-1500/204480 done
  batch 1500-2250/204480 done
  batch 2250-3000/204480 done
  batch 3000-3750/204480 done
  batch 3750-4500/204480 done
  batch 4500-5250/204480 done
  batch 5250-6000/204480 done
  batch 6000-6750/204480 done
  batch 6750-7500/204480 done
  batch 7500-8250/204480 done
  batch 8250-9000/204480 done
  batch 9000-9750/204480 done
  batch 9750-10500/204480 done
  batch 10500-11250/204480 done
  batch 11250-12000/204480 done
  batch 12000-12750/204480 done
  batch 12750-13500/204480 done
  batch 13500-14250/204480 done
  batch 14250-15000/204480 done
  batch 15000-15750/204480 done
  batch 15750-16500/204480 done
  batch 16500-17250/204480 done
  batch 17250-18000/204480 done
  batch 18000-18750/204480 done
  batch 18750-19500/204480 done
  batch 19500-20250/204480 done
  batch 20250-21000/204480 done
  batch 21000-21750/204480 done
  batch 21750-22500/204480 done
  batch 22500-23250/204480 done
  batch 23250-24000/204480 done
  batch 24000-24750/204480 done
  batch 24750-25500/204480 done
  batch 25500-26250/204480 done
  batch 26250-27000/204480 done
  batch 27000-27750/204480 done
  batch 27750-28500/204480 done
  batch 28500-29250/204480 done
  batch 29250-30000/204480 done
  batch 30000-30750/204480 done
  batch 30750-31500/204480 done
  batch 31500-32250/204480 done
  batch 32250-33000/204480 done
  batch 33000-33750/204480 done
  batch 33750-34500/204480 done
  batch 34500-35250/204480 done
  batch 35250-36000/204480 done
  batch 36000-36750/204480 done
  batch 36750-37500/204480 done
  batch 37500-38250/204480 done
  batch 38250-39000/204480 done
  batch 39000-39750/204480 done
  batch 39750-40500/204480 done
  batch 40500-41250/204480 done
  batch 41250-42000/204480 done
  batch 42000-42750/204480 done
  batch 42750-43500/204480 done
  batch 43500-44250/204480 done
  batch 44250-45000/204480 done
  batch 45000-45750/204480 done
  batch 45750-46500/204480 done
  batch 46500-47250/204480 done
  batch 47250-48000/204480 done
  batch 48000-48750/204480 done
  batch 48750-49500/204480 done
  batch 49500-50250/204480 done
  batch 50250-51000/204480 done
  batch 51000-51750/204480 done
  batch 51750-52500/204480 done
  batch 52500-53250/204480 done
  batch 53250-54000/204480 done
  batch 54000-54750/204480 done
  batch 54750-55500/204480 done
  batch 55500-56250/204480 done
  batch 56250-57000/204480 done
  batch 57000-57750/204480 done
  batch 57750-58500/204480 done
  batch 58500-59250/204480 done
  batch 59250-60000/204480 done
  batch 60000-60750/204480 done
  batch 60750-61500/204480 done
  batch 61500-62250/204480 done
  batch 62250-63000/204480 done
  batch 63000-63750/204480 done
  batch 63750-64500/204480 done
  batch 64500-65250/204480 done
  batch 65250-66000/204480 done
  batch 66000-66750/204480 done
  batch 66750-67500/204480 done
  batch 67500-68250/204480 done
  batch 68250-69000/204480 done
  batch 69000-69750/204480 done
  batch 69750-70500/204480 done
  batch 70500-71250/204480 done
  batch 71250-72000/204480 done
  batch 72000-72750/204480 done
  batch 72750-73500/204480 done
  batch 73500-74250/204480 done
  batch 74250-75000/204480 done
  batch 75000-75750/204480 done
  batch 75750-76500/204480 done
  batch 76500-77250/204480 done
  batch 77250-78000/204480 done
  batch 78000-78750/204480 done
  batch 78750-79500/204480 done
  batch 79500-80250/204480 done
  batch 80250-81000/204480 done
  batch 81000-81750/204480 done
  batch 81750-82500/204480 done
  batch 82500-83250/204480 done
  batch 83250-84000/204480 done
  batch 84000-84750/204480 done
  batch 84750-85500/204480 done
  batch 85500-86250/204480 done
  batch 86250-87000/204480 done
  batch 87000-87750/204480 done
  batch 87750-88500/204480 done
  batch 88500-89250/204480 done
  batch 89250-90000/204480 done
  batch 90000-90750/204480 done
  batch 90750-91500/204480 done
  batch 91500-92250/204480 done
  batch 92250-93000/204480 done
  batch 93000-93750/204480 done
  batch 93750-94500/204480 done
  batch 94500-95250/204480 done
  batch 95250-96000/204480 done
  batch 96000-96750/204480 done
  batch 96750-97500/204480 done
  batch 97500-98250/204480 done
  batch 98250-99000/204480 done
  batch 99000-99750/204480 done
  batch 99750-100500/204480 done
  batch 100500-101250/204480 done
  batch 101250-102000/204480 done
  batch 102000-102750/204480 done
  batch 102750-103500/204480 done
  batch 103500-104250/204480 done
  batch 104250-105000/204480 done
  batch 105000-105750/204480 done
  batch 105750-106500/204480 done
  batch 106500-107250/204480 done
  batch 107250-108000/204480 done
  batch 108000-108750/204480 done
  batch 108750-109500/204480 done
  batch 109500-110250/204480 done
  batch 110250-111000/204480 done
  batch 111000-111750/204480 done
  batch 111750-112500/204480 done
  batch 112500-113250/204480 done
  batch 113250-114000/204480 done
  batch 114000-114750/204480 done
  batch 114750-115500/204480 done
  batch 115500-116250/204480 done
  batch 116250-117000/204480 done
  batch 117000-117750/204480 done
  batch 117750-118500/204480 done
  batch 118500-119250/204480 done
  batch 119250-120000/204480 done
  batch 120000-120750/204480 done
  batch 120750-121500/204480 done
  batch 121500-122250/204480 done
  batch 122250-123000/204480 done
  batch 123000-123750/204480 done
  batch 123750-124500/204480 done
  batch 124500-125250/204480 done
  batch 125250-126000/204480 done
  batch 126000-126750/204480 done
  batch 126750-127500/204480 done
  batch 127500-128250/204480 done
  batch 128250-129000/204480 done
  batch 129000-129750/204480 done
  batch 129750-130500/204480 done
  batch 130500-131250/204480 done
  batch 131250-132000/204480 done
  batch 132000-132750/204480 done
  batch 132750-133500/204480 done
  batch 133500-134250/204480 done
  batch 134250-135000/204480 done
  batch 135000-135750/204480 done
  batch 135750-136500/204480 done
  batch 136500-137250/204480 done
  batch 137250-138000/204480 done
  batch 138000-138750/204480 done
  batch 138750-139500/204480 done
  batch 139500-140250/204480 done
  batch 140250-141000/204480 done
  batch 141000-141750/204480 done
  batch 141750-142500/204480 done
  batch 142500-143250/204480 done
  batch 143250-144000/204480 done
  batch 144000-144750/204480 done
  batch 144750-145500/204480 done
  batch 145500-146250/204480 done
  batch 146250-147000/204480 done
  batch 147000-147750/204480 done
  batch 147750-148500/204480 done
  batch 148500-149250/204480 done
  batch 149250-150000/204480 done
  batch 150000-150750/204480 done
  batch 150750-151500/204480 done
  batch 151500-152250/204480 done
  batch 152250-153000/204480 done
  batch 153000-153750/204480 done
  batch 153750-154500/204480 done
  batch 154500-155250/204480 done
  batch 155250-156000/204480 done
  batch 156000-156750/204480 done
  batch 156750-157500/204480 done
  batch 157500-158250/204480 done
  batch 158250-159000/204480 done
  batch 159000-159750/204480 done
  batch 159750-160500/204480 done
  batch 160500-161250/204480 done
  batch 161250-162000/204480 done
  batch 162000-162750/204480 done
  batch 162750-163500/204480 done
  batch 163500-164250/204480 done
  batch 164250-165000/204480 done
  batch 165000-165750/204480 done
  batch 165750-166500/204480 done
  batch 166500-167250/204480 done
  batch 167250-168000/204480 done
  batch 168000-168750/204480 done
  batch 168750-169500/204480 done
  batch 169500-170250/204480 done
  batch 170250-171000/204480 done
  batch 171000-171750/204480 done
  batch 171750-172500/204480 done
  batch 172500-173250/204480 done
  batch 173250-174000/204480 done
  batch 174000-174750/204480 done
  batch 174750-175500/204480 done
  batch 175500-176250/204480 done
  batch 176250-177000/204480 done
  batch 177000-177750/204480 done
  batch 177750-178500/204480 done
  batch 178500-179250/204480 done
  batch 179250-180000/204480 done
  batch 180000-180750/204480 done
  batch 180750-181500/204480 done
  batch 181500-182250/204480 done
  batch 182250-183000/204480 done
  batch 183000-183750/204480 done
  batch 183750-184500/204480 done
  batch 184500-185250/204480 done
  batch 185250-186000/204480 done
  batch 186000-186750/204480 done
  batch 186750-187500/204480 done
  batch 187500-188250/204480 done
  batch 188250-189000/204480 done
  batch 189000-189750/204480 done
  batch 189750-190500/204480 done
  batch 190500-191250/204480 done
  batch 191250-192000/204480 done
  batch 192000-192750/204480 done
  batch 192750-193500/204480 done
  batch 193500-194250/204480 done
  batch 194250-195000/204480 done
  batch 195000-195750/204480 done
  batch 195750-196500/204480 done
  batch 196500-197250/204480 done
  batch 197250-198000/204480 done
  batch 198000-198750/204480 done
  batch 198750-199500/204480 done
  batch 199500-200250/204480 done
  batch 200250-201000/204480 done
  batch 201000-201750/204480 done
  batch 201750-202500/204480 done
  batch 202500-203250/204480 done
  batch 203250-204000/204480 done
  batch 204000-204480/204480 done

204480 pairs in 273 launches, 62.24s wall time
wrote scores_n640_w750.txt
